693
693
693
693
693
693
3590
3590
3590
3590
3590
3590
3590
3746
3746
3746
3746
3746
3746
3746
3746
3746
3746
3746
3746
3746
3746
3746
3746
3746
3746
3746
3746
3746
3746
3746
3746
3746
3746
3746
3746
3746
3746
3746
3746
3746
3746
3746
3746
3746
3746
3746
3746
3746
3746
3746
3746
3746
3746
3746
3746
3746
3746
3746
3746
3746
3746
3746
3746
3746
3746
3746
3746
3746
3746
3746
3746
3746
3746
3746
3746
3746
3746
3746
3746
3746
3746
3746
3746
3746
3746
3746
3746
3746
3746
3746
3746
3746
3746
3746
3746
3746
3746
3746
3746
3746
3746
3746
3746
3746
3746
3746
3746
3746
3746
3746
3746
3746
3746
3746
3746
3746
3746
3746
3746
3746
3746
3746
3746
3746
3746
3746
3746
3746
3746
3746
3746
3746
3746
3746
3746
3746
3746
3746
3746
3746
3746
3746
3746
3746
3746
3746
3746
3746
3746
3746
3746
3746
3746
3746
3746
3746
3746
3746
3746
3746
3746
3746
3746
3746
3746
3747
3747
3747
3747
3747
3747
3747
3747
3747
3747
3747
3747
3747
3747
3743
3742
3742
3742
3742
3742
3742
3742
3742
3742
3742
3742
3742
3742
3742
3742
3743
3743
3743
3743
3743
3743
3743
3743
3743
3743
3743
3743
3743
3743
3743
3743
3743
3743
3743
3743
3743
3743
3743
3743
3743
3743
3743
3743
3743
3743
3743
3743
3743
3743
3743
3743
3743
3743
3743
3743
3743
3743
3743
3743
3743
3743
3743
3743
3743
3743
3743
3743
3743
3743
3743
3743
3743
3743
3743
3743
3743
3743
3743
3743
3743
3743
3743
3743
3743
3743
3743
3743
3743
3743
3743
3743
3743
3743
3743
3743
3743
3743
3743
3743
3743
3743
3743
3734
3734
3727
3727
3727
3726
3726
3726
3726
3726
3726
3726
3726
3726
3726
3726
3726
3726
3726
3726
3726
3726
3726
3726
3726
3726
3726
3726
3726
3726
3726
3726
3726
3726
3726
3726
3726
3726
3726
3726
3726
3726
3726
3726
3726
3726
3726
3726
3726
3726
3726
3726
3726
3726
3726
3726
3726
3726
3726
3726
3726
3726
3726
3726
3726
3726
3726
3726
3726
3726
3726
3726
3726
3726
3726
3726
3726
3726
3726
3726
3726
3726
3726
3726
3726
3726
3726
3726
3726
3726
3726
3726
3726
3726
3726
3726
3726
3726
3726
3726
3726
3726
3726
3726
3726
3726
3726
3726
3726
3726
3726
3726
3726
3726
3726
3726
3726
3726
3726
3726
3726
3726
3726
3726
3726
3726
3726
3726
3726
3726
3726
3726
3726
3726
3726
3726
3726
3726
3726
3726
3726
3726
3726
3726
3726
3726
3726
3726
3726
3726
3726
3726
3726
3726
3726
3726
3726
3726
3726
3726
3726
3726
3726
3726
3726
3726
3726
3726
3726
3726
3726
3726
3726
3726
3726
3726
3726
3726
3726
3726
3726
3726
3726
3726
3726
3726
3727
3727
3727
3727
3727
3727
3727
3727
3727
3727
3727
3727
3727
3727
3727
3727
3727
3727
3727
3727
3727
3727
3727
3727
3727
3727
3727
3727
3727
3727
3727
3727
3727
3727
3727
3727
3727
3727
3727
3727
3727
3727
3727
3727
3727
3727
3727
3727
3727
3727
3727
3727
3727
3727
3727
3727
3727
3727
3727
3727
3727
3727
3727
3727
3727
3727
3727
3727
3727
3727
3727
3727
3727
3727
3727
3727
3727
3727
3727
3727
3727
3727
3727
3727
3727
3727
3727
3727
3727
3726
3726
3726
3726
3726
3726
3726
3726
3726
3726
3726
3726
3726
3726
3726
3726
3726
3726
3726
3726
3726
3726
3726
3726
3726
3726
3726
3726
3726
3727
3727
3727
3727
3727
3727
3727
3727
3727
3727
3727
3727
3727
3727
3727
3727
3727
3727
4299
4301
4321
4321
4321
4323
4323
4323
4323
4323
4323
4323
4323
4323
4323
4323
4323
4323
4323
4323
4323
4323
4323
4323
4323
4323
4323
4323
4323
4323
4323
4323
4323
4323
4323
4323
4323
4323
4323
4323
4323
4323
4323
4323
4323
4323
4323
4323
4323
4323
4323
4323
4323
4323
4323
4323
4323
4323
4323
4323
4323
4323
4323
4323
4323
4323
4323
4323
4323
4323
4323
4323
4323
4323
4323
4323
4323
4323
4323
4323
4323
4323
4323
4323
4323
4323
4323
4323
4323
4323
4323
4323
4323
4323
4323
4323
4323
4323
4323
4323
4323
4323
4323
4323
4323
4323
4323
4323
4323
4323
4323
4323
4323
4323
4323
4323
4323
4323
4323
4323
4323
4323
4323
4323
4323
4323
4323
4323
4323
4323
4323
4323
4323
4323
4323
4323
4323
4323
4323
4323
4323
4323
4323
4323
4323
4323
4323
4323
4323
4323
4323
4323
4323
4323
4323
4323
4323
4323
4323
4323
4323
4323
4323
4323
4323
4323
4323
4323
4323
4323
4323
4323
4323
4323
4323
4323
4323
4323
4323
4323
4323
4323
4323
4323
4323
4323
4323
4323
4323
4323
4323
4323
4323
4323
4323
4323
4323
4323
4323
4323
4323
4323
4323
4323
4323
4323
4323
4323
4323
4323
4323
4323
4323
4323
4323
4323
4323
4323
4323
4323
4323
4323
4323
4323
4323
4323
4323
4323
4323
4323
4323
4323
4323
4323
4323
4322
4322
4322
4322
4322
4322
4322
4322
4322
4322
4322
4322
4322
4322
4322
4322
4322
4322
4322
4322
4322
4322
4322
4322
4323
4323
4323
4323
4323
4323
4323
4323
4323
4323
4323
4323
4323
4323
4323
4323
4323
4323
4323
4323
4323
4323
4323
4323
4323
4323
4323
4323
4323
4323
4323
4323
4323
4323
4323
4323
4323
4323
4323
4323
4323
4323
4323
4323
4323
4323
4323
4323
4323
4323
4323
4323
4323
4323
4323
4323
4323
4323
4323
4322
4322
4322
4322
4322
4322
4322
4322
4322
4322
4322
4322
4322
4322
4322
4322
4322
4322
4322
4322
4322
4322
4322
4322
4322
4322
4322
4322
4322
4322
4322
4322
4322
4323
4323
4323
4323
4323
4323
4323
4323
4323
4323
4323
4323
4323
4323
4323
4323
4323
4323
4323
4323
4323
4323
4323
4323
4323
4323
4323
4323
4323
4323
4323
4323
4323
4323
4323
4323
4323
4323
4323
4323
4323
4323
4323
4323
4323
4323
4323
4323
4323
4323
4323
4323
4323
4323
4323
4323
4323
4323
4322
4322
4322
4322
4322
4322
4322
4322
4322
4322
4322
4322
4322
4322
4322
4322
4322
4322
4322
4322
4322
4322
4322
4322
4322
4322
4322
4322
4322
4322
4322
4322
4322
4322
4322
4322
4322
4322
4322
4322
4322
4322
4322
4322
4322
4322
4322
4322
4322
4322
4322
4322
4322
4322
4322
4322
4322
4322
4322
4322
4322
4322
4322
4322
4322
4322
4322
4322
4322
4322
4322
4322
4322
4322
4322
4322
4322
4322
4322
4322
4322
4322
4322
4322
4322
4322
4322
4322
4322
4322
4322
4322
4322
4322
4322
4322
4322
4322
4322
4322
4322
4322
4322
4322
4322
4322
4322
4322
4322
4322
4322
4322
4322
4322
4322
4322
4322
4322
3952
4574
4658
5076
5152
5230
5314
5394
5530
5608
5704
5818
6196
6264
6330
6754
15674
673
