5144
5144
5138
5138
5138
5138
5138
8036
8036
8056
8192
8192
8192
8192
8192
8192
8192
8192
8192
8192
8192
8192
8192
8192
8192
8192
8192
8192
8192
8192
8192
8192
8192
8192
8192
8192
8192
8192
8192
8192
8192
8192
8192
8192
8192
8192
8192
8192
8192
8192
8192
8192
8192
8192
8192
8192
8192
8192
8192
8192
8192
8192
8192
8192
8192
8192
8192
8192
8192
8192
8192
8192
8192
8192
8192
8192
8192
8192
8192
8192
8192
8192
8192
8192
8192
8192
8192
8192
8192
8192
8192
8192
8192
8192
8192
8192
8192
8192
8192
8192
8192
8192
8192
8192
8192
8192
8192
8192
8192
8192
8192
8192
8192
8192
8192
8192
8192
8192
8192
8192
8192
8192
8192
8192
8192
8192
8192
8192
8192
8192
8192
8192
8192
8192
8192
8192
8192
8192
8192
8192
8192
8192
8192
8192
8192
8192
8192
8192
8192
8192
8192
8192
8192
8192
8192
8192
8192
8192
8192
8192
8192
8192
8192
8192
8192
8192
8192
8192
8192
8192
8192
8192
8192
8192
8192
8192
8192
8192
8192
8192
8192
8192
8192
8192
8192
8192
8192
8192
8192
8192
8192
8192
8192
8192
8192
8192
8192
8192
8192
8192
8192
8192
8192
8192
8192
8192
8192
8192
8192
8192
8192
8192
8192
8192
8192
8192
8192
8192
8192
8192
8192
8192
8192
8192
8192
8192
8192
8192
8192
8192
8192
8192
8192
8192
8192
8192
8192
8192
8192
8192
8192
8192
8192
8192
8192
8766
8766
8786
8786
8788
8788
8788
8788
8788
8788
8788
8788
8788
8788
8788
8788
8788
8788
8788
8788
8788
8788
8788
8788
8788
8788
8788
8788
8788
8788
8788
8788
8788
8788
8788
8788
8788
8788
8788
8788
8788
8788
8788
8788
8788
8788
8788
8788
8788
8788
8788
8788
8711
8711
8711
8711
8711
8711
8711
8711
8711
8711
8711
8711
8711
8711
8711
8711
8711
8711
8711
8711
8711
8711
8711
8711
8711
8711
8711
8711
8711
8711
8711
8711
8711
8711
8711
8711
8711
8711
8711
8711
8711
8711
8711
8711
8711
8711
8711
8711
8711
8711
8711
8711
8711
8711
8711
8711
8711
8711
8711
8711
8711
8711
8711
8711
8711
8711
8711
8711
8711
8711
8711
8711
8711
8711
8711
8711
4443
4535
4565
4565
4553
4553
4553
4553
4549
4541
4541
4541
4541
4541
4541
4541
4541
4541
4541
4541
4541
4541
4541
4541
4541
4541
4541
4541
4541
4541
4541
4541
4541
4541
4541
4541
4541
4541
4541
4541
4541
4541
4541
4541
4541
4541
4541
4541
4541
4541
4541
4541
4541
4541
4541
4541
4541
4541
4541
4541
4541
4541
4541
4541
4541
4541
4541
4541
4541
4541
4541
4541
4541
4541
4541
4541
4541
4541
4541
4541
4541
4541
4541
4541
4541
4541
4541
4541
4541
4541
4535
4535
4535
4535
4535
4363
4519
4701
4783
4897
4973
8067
9267
9267
9267
9267
9267
9267
9267
9267
9267
9267
9267
9267
9267
9267
9267
9267
9267
9267
9267
9267
9267
9267
9267
9267
9267
9267
9267
9267
9267
9267
9267
9267
9267
9267
9267
9267
9267
9267
9267
9267
9267
9267
9267
9269
9269
9269
9269
9269
9269
9269
9269
9269
9269
9269
9269
9269
9269
9269
9269
9269
9269
9269
9269
9269
9269
9269
9269
9269
9269
9269
9269
9269
9269
9269
9269
9269
9269
9269
9269
9269
9269
9269
9269
9269
9269
9269
9269
9269
9269
9269
9269
9269
9269
9269
9269
9269
9269
9269
9269
9269
9269
9269
9269
9269
9269
9269
9269
9269
9269
9269
9269
9269
9269
9269
9269
9269
9269
9269
9269
9269
9264
9264
9264
9264
9264
9982
9982
9982
9982
9982
9982
9982
9982
9982
9982
9982
9982
9982
9982
9982
9982
9982
9982
9982
9982
9982
9982
9982
9982
9982
9982
9982
9982
9982
9982
9982
9982
9982
9982
9982
9982
9982
9982
9982
9982
9982
9982
9982
9982
9982
9982
9982
9982
9982
9982
9982
9982
9982
9982
9982
9982
9982
9982
9982
9982
9982
9982
9982
9982
9982
9982
9982
9982
9982
9982
9982
9982
9982
9982
9982
9982
9982
9982
9982
9982
9982
9982
9982
9982
9982
9982
9982
9982
9982
9982
9982
9982
9982
9982
9982
9982
9982
9982
9982
9982
9982
9982
9982
9982
9982
9982
9982
9982
9982
9982
9982
9982
9982
9982
9982
9982
9982
9982
9982
9982
9982
9982
9982
9982
9982
9982
9982
9982
9982
9982
9982
9982
9982
9982
9982
9982
9982
9982
9982
9982
9982
9982
9982
9982
9982
9982
9982
9982
9982
9982
9982
9982
9982
9982
9982
9982
9982
9982
9982
9982
9982
9982
9982
9982
9982
9982
9982
9982
9982
9982
9982
9982
9982
9982
9982
9982
9982
9982
9982
9982
9982
9982
9982
9982
9982
9982
9982
9982
9982
9982
9984
9984
9984
9984
9984
9984
9984
9984
9984
9984
9984
9984
9984
9984
9984
9984
9984
9984
9984
9984
9984
9984
9984
9984
9984
9984
9984
9984
9984
9984
9984
9984
9984
9984
9984
9984
9984
9984
9984
9984
9984
9984
9984
9984
9984
9984
9984
9984
9984
9984
9984
9984
9984
9984
9984
9984
9984
9984
9984
9984
9984
9984
9984
9984
9984
9984
9984
9984
9984
9984
9984
9984
9984
9984
9984
9984
9984
9984
9984
9984
9984
9984
9984
9984
9984
9984
9984
9984
9984
9984
9984
9984
9984
9984
9984
9984
9984
9984
9984
9984
9984
9984
9897
9897
9897
9897
9897
9897
9897
9897
9897
9897
9897
9897
9897
9897
9897
9897
9897
9897
9897
9897
9897
9897
9897
9897
9897
9897
9897
9897
9897
9897
9897
9897
9897
9897
9897
9897
9897
9897
9897
9897
9897
9897
9897
9897
9897
9897
9897
9897
9897
9897
9897
9897
9897
9897
9897
9897
9897
9897
9897
9897
9897
9897
9897
9897
9897
9897
9897
9897
9897
9897
9897
9897
9897
9897
9897
9897
9897
9897
9897
9897
9897
9897
9897
9897
9897
9897
9897
9897
9897
9897
9897
9897
9897
9897
9897
9897
9897
9897
9897
9897
9897
9897
9897
9897
9897
9897
9897
9897
9897
9897
9897
9897
9897
9897
9897
9897
9897
9897
9897
9897
9897
9897
9897
9897
9897
9897
9897
9897
9897
9897
9897
9897
9897
9897
9897
9897
9897
9897
9897
9897
9897
9897
9897
9897
9897
9897
9897
9897
9897
9897
9897
9897
9897
9897
9897
9897
9897
9897
9897
9897
9897
9897
9897
9897
9897
9897
9897
9897
9897
9897
9897
9897
9897
9897
9897
9897
9897
9897
9897
9897
9897
9897
9897
9897
9897
9897
9897
9897
9897
9897
9897
9897
9897
9897
9897
9897
9897
9897
9897
9897
9897
9897
9897
9897
9897
9897
9897
9897
9897
9897
9897
9897
9897
9897
9897
9897
9897
9897
9897
9897
9897
9897
9897
9897
9897
9897
9897
9897
9897
9897
9897
9897
9897
9897
9897
9897
9897
9897
9897
9897
9897
9897
9897
9897
9897
9897
9897
9897
9897
9897
9897
9897
9897
9897
9897
9897
9897
794
