5062
5062
5062
5062
5062
5062
7959
8115
8115
8115
8115
8115
8115
8115
8115
8115
8115
8115
8115
8115
8115
8115
8115
8115
8115
8115
8115
8115
8115
8115
8115
8115
8115
8115
8115
8115
8689
8709
8709
8709
8709
8709
8709
8709
8709
8709
8709
8709
8709
8709
8709
8709
8709
8709
8709
8709
8709
8709
8709
8709
8709
8709
8709
8709
8709
8709
8709
8709
8709
8709
8709
8709
8709
8709
8709
8709
8709
8709
8709
8709
8709
8405
8803
8803
8803
8803
8803
8803
8803
8803
8803
8803
8803
8803
8803
8803
8803
8803
8803
8803
8803
8803
8885
8885
8885
8885
8885
8885
8885
8885
8885
8885
8885
8885
8885
8885
8885
8885
8885
8885
8885
8885
8885
8885
8885
8885
8885
8885
8885
8885
8885
8885
8885
8885
8885
8885
8885
8885
8885
8885
8885
8885
8885
8885
8885
8885
8885
8885
8885
8885
8885
8885
8885
8885
8885
8885
8885
8885
8885
8885
8885
8885
8885
8885
8885
8885
8885
8885
8885
8885
8885
8885
8885
8885
8885
8885
8885
8885
8885
8885
8885
8885
8885
8885
8885
8885
8885
8885
8885
8885
8885
