5062
5062
5062
5062
5062
5062
7959
7959
8115
8115
8115
8115
8115
8115
8115
8115
8115
8115
8115
8115
8115
8115
8115
8115
8115
8115
8115
8115
8115
8115
8115
8115
8115
8115
8115
8115
8115
8115
8115
8115
8115
8115
8115
8115
8115
8115
8115
8115
8115
8115
8115
8115
8115
8115
8115
8115
8115
8115
8115
8115
8115
8115
8115
8115
8115
8115
8115
8115
8115
8115
8115
8115
8115
8115
8115
8115
8115
8115
8115
8115
8115
8115
8115
8115
8115
8115
8115
8115
8115
8115
8115
8115
8115
8115
8115
8115
8115
8115
8115
8115
8115
8115
8115
8115
8115
8115
8115
8115
8115
8115
8115
8115
8115
8115
8115
8115
8115
8115
8115
8115
8115
8115
8115
8115
8115
8115
8115
8115
8115
8115
8115
8115
8115
8115
8115
8115
8115
8115
8115
8115
8115
8115
8115
8115
8115
8115
8115
8115
8115
8115
8689
8709
8709
8709
8709
8709
8709
8709
8709
8709
8709
8709
8709
8709
8709
8709
8709
8709
8709
8709
8709
8709
8709
8709
8709
8709
8709
8709
8709
8709
8709
8709
8709
8709
8709
8711
8711
8711
8711
8711
8711
8711
8711
8711
8711
8711
8711
8711
8711
8711
8711
8711
8711
8711
8711
8711
8711
8711
8711
8711
8711
8711
8711
8711
8711
8711
8711
8711
8711
8711
8711
8711
8711
8711
8711
8711
8711
8711
8711
8711
8711
8711
8711
8711
8711
8711
8711
8711
8711
8711
8711
8711
8711
8711
8711
8711
8711
8711
8711
8711
8711
8711
8711
8711
8711
8711
8711
8711
8711
8711
8711
8711
8711
8711
8711
8711
8711
8711
8711
8711
8711
8711
8711
8711
8711
8711
8711
8711
8711
8711
8711
8711
8711
8711
8711
8711
8711
8711
8711
8711
8711
8711
8711
8711
8711
8711
8711
8711
8711
8711
8711
8711
8711
8711
8711
8711
8711
8671
8747
8837
10451
11223
11223
11223
11223
11223
11225
11225
11225
11225
11225
11225
11225
11225
11225
11225
11225
11225
11225
11225
11225
11225
11225
11225
11225
11225
11225
11225
11225
11225
11225
11225
11225
11225
11225
11225
11225
11225
11225
11225
11225
11225
11225
11225
11225
11225
11225
11225
11225
11225
11225
11225
11225
11225
11225
11225
11225
11225
11225
11314
11314
11314
11304
11304
11304
11304
11304
11304
11304
11304
11304
11304
11304
11304
11304
11304
11304
11304
11746
11746
11746
11746
11746
11746
11746
11746
11746
11746
11746
11746
11746
11746
11746
11746
11746
11746
11766
11756
11756
11756
11756
11755
11751
11751
11751
11751
11751
11751
11751
11751
11751
11751
11751
11751
11751
11751
11751
11751
11751
11751
11751
11751
11751
11751
11751
11751
11751
11751
11751
11751
11751
11751
11751
11751
11751
11744
11744
11744
11744
11744
11744
11744
11744
11744
11744
11744
11744
11744
11744
11744
11744
11744
11744
11744
11744
11744
11744
11744
11744
11744
11744
11744
11744
11744
11744
11744
11744
11744
11744
11744
11744
11744
11744
11744
11744
11744
11744
11744
11744
11744
11744
11744
11744
11744
11744
11744
11744
11744
11744
11744
11744
11744
11744
11744
11744
11744
11744
11744
11744
11744
11744
11744
11744
11744
11744
11744
11744
11744
11744
11744
11744
11744
11744
11744
11744
11744
11744
11744
11744
11744
11744
11744
11744
11744
11744
11744
11744
11744
11744
11744
11744
11744
11744
11744
11744
11744
11744
11744
11744
11744
11744
11744
11744
11744
11744
11744
11744
11744
11744
11744
11744
11744
11744
11744
11744
11744
11744
11744
11744
11744
11744
11744
11744
11744
11744
11744
11744
11744
11744
11744
11744
11744
11744
11744
11744
11744
11744
11744
11744
11744
11744
11744
11744
11744
11744
11744
11744
11744
11744
11744
11744
11744
11744
11744
11744
11744
11744
11744
11744
11744
11744
11744
11744
11744
11744
11744
11744
11744
11744
11744
11744
11744
11744
11744
11744
11744
11744
11744
11744
11744
11744
11744
11744
11744
11744
11744
11744
11744
11744
11744
11744
11744
11744
11744
11744
11744
11744
11744
11744
11744
11744
11744
11744
11744
11744
11744
11744
11744
11744
11744
11744
11744
11744
11744
11744
11744
11744
11744
11744
11744
11744
11744
11744
11744
11744
11744
11744
11744
11744
11744
11744
11744
11744
11744
11744
11744
11744
11744
11744
11744
11744
11744
11744
11744
11774
11763
11763
11763
11763
11750
11750
11750
11750
11750
11750
11750
11750
11750
11750
11750
11750
11750
11750
11750
11750
11750
11750
11750
11750
11750
11750
11750
11750
11750
11750
11750
11750
11750
11750
11750
11750
11750
11750
11750
11750
11750
11750
11750
11750
