5062
5062
5062
5062
5062
5062
7959
8075
8115
8115
8115
8115
8115
8115
8115
8115
8115
8115
8115
8115
8115
8115
8115
8115
8115
8115
8115
8115
8115
8115
8115
8115
8115
8115
8115
8115
8115
8115
8115
8115
8115
8115
8115
8115
8115
8115
8115
8115
8115
8115
8115
8115
8115
8115
8115
8115
8115
8115
8115
8115
8115
8115
8115
8115
8115
8115
8115
8115
8115
8115
8115
8115
8115
8115
8115
8115
8115
8115
8603
8689
8709
8709
8709
8709
8709
8709
8709
8709
8709
8709
8709
8709
8709
8709
8709
8709
8709
8709
8709
8709
8709
8709
8709
8709
8709
8709
8709
8709
8709
8709
8709
8709
8709
8709
8709
8709
8709
8709
8709
8709
8709
8709
8709
8709
8709
8709
8709
8709
8709
8709
8709
8709
8709
8709
8709
8709
8709
8709
8709
8709
8709
8709
8709
8709
8709
8709
8709
8709
8709
8709
8709
8709
8709
8709
8709
8709
8709
8709
8709
8709
8709
8709
8709
8709
8709
8709
8709
8709
8709
8709
8709
8709
8709
8709
8529
8695
9797
9797
9797
9797
9797
9797
9799
9799
9799
9799
9799
9799
9799
9799
9799
9799
9799
9799
9799
9799
9799
9799
9799
9799
9799
9799
9799
9799
9799
9799
9799
9799
9799
9799
9799
9799
9799
9799
9799
9799
9799
9799
9799
10019
10021
10021
10021
10021
10021
10021
10021
10021
10021
10021
10021
10021
10021
10021
10021
10021
10021
10021
10021
10021
10021
10021
10021
10021
10021
10021
10021
10021
10021
10021
10021
10021
10021
10021
10021
10021
10021
10021
10021
10021
10021
10021
10021
10021
10021
10021
10021
10021
10021
10021
10021
10021
10021
10021
10021
10021
10021
10021
10021
10021
10021
10021
10021
10021
10021
10021
10021
10021
10021
10021
10021
10021
10021
10021
10021
10021
10021
10021
10021
10021
10021
10021
10021
10021
10021
10021
10021
10021
10021
10021
10021
10021
10021
10021
10021
10021
10021
10021
10021
10021
10021
10021
10021
10021
10021
10021
10021
10021
10021
10021
10021
10021
10021
10021
10021
10021
10021
10021
10021
10021
10021
10021
10021
10021
10021
10021
10021
10021
10021
10021
10021
10021
10021
10021
10021
10021
10021
10021
10021
10021
10021
10021
10021
10021
10021
10021
10021
10021
10021
10021
10021
10021
10021
10021
10021
10021
10021
10021
10021
10021
10021
10021
10021
10021
10021
10021
10021
10021
10021
10021
10021
10021
10021
10021
10021
10021
10021
10021
10021
10021
10021
10021
10021
10021
10021
10021
10021
10021
10021
10021
